---
source: crates/astria-core/src/protocol/abci.rs
expression: error_code
---
13: the request payload was malformed
