---
source: crates/astria-core/src/protocol/abci.rs
expression: error_code
---
19: the transaction failed stateless checks
