---
source: crates/astria-core/src/protocol/abci.rs
expression: error_code
---
7: the provided chain id was invalid
