---
source: crates/astria-sequencer/src/app/storage/values/mod.rs
expression: "format!(\"{:?}\", discriminant(&ValueImpl::BlockHeight(1.into())))"
---
Discriminant(2)
