---
source: crates/astria-sequencer/src/bridge/storage/keys.rs
assertion_line: 96
expression: BRIDGE_LOCK_BYTE_COST_MULTIPLIER_KEY
---
bridge/lock_byte_cost_multiplier
