---
source: crates/astria-sequencer/src/bridge/storage/keys.rs
assertion_line: 103
expression: "deposit(&[1; 32], &RollupId::new([2; 32]))"
---
bridge/deposit/AQEBAQEBAQEBAQEBAQEBAQEBAQEBAQEBAQEBAQEBAQE=/AgICAgICAgICAgICAgICAgICAgICAgICAgICAgICAgI=
