---
source: crates/astria-core/src/protocol/transaction/v1alpha1/mod.rs
expression: tx.sha256_of_proto_encoding()
---
[
  210,
  12,
  217,
  57,
  237,
  174,
  24,
  46,
  236,
  211,
  223,
  135,
  62,
  68,
  123,
  117,
  216,
  129,
  237,
  126,
  228,
  34,
  148,
  148,
  150,
  215,
  113,
  10,
  10,
  146,
  121,
  231
]
