---
source: crates/astria-sequencer/src/upgrades/storage/keys.rs
expression: "change(&UpgradeName::new(\"aspen\"), &ChangeName::new(\"change_1\"))"
---
upgrades/aspen/change_1
