---
source: crates/astria-core/src/protocol/memos/v1.rs
expression: memo
---
{
  "rollupDepositAddress": "an-address-on-the-rollup"
}
