---
source: crates/astria-sequencer/src/bridge/storage/values/mod.rs
expression: "format!(\"{:?}\",\ndiscriminant(&ValueImpl::TransactionId((&DomainTransactionId::new([0;\nTRANSACTION_ID_LEN])).into())))"
---
Discriminant(5)
