---
source: crates/astria-sequencer/src/bridge/storage/values/mod.rs
expression: "format!(\"{:?}\",\ndiscriminant(&ValueImpl::Deposits(Vec::<DomainDeposit>::new().iter().into())))"
---
Discriminant(4)
