---
source: crates/astria-sequencer/src/app/tests_breaking_changes.rs
assertion_line: 274
expression: app.app_hash.as_bytes()
---
[
  30,
  232,
  210,
  6,
  194,
  12,
  154,
  179,
  145,
  105,
  40,
  101,
  30,
  224,
  10,
  195,
  119,
  124,
  207,
  182,
  132,
  175,
  9,
  191,
  104,
  213,
  200,
  146,
  180,
  192,
  229,
  97
]
