---
source: crates/astria-sequencer/src/fees/storage/values.rs
expression: value_impl_discriminant!(BridgeUnlockFees)
---
050100000000000000000000000000000002000000000000000000000000000000
