---
source: crates/astria-sequencer/src/fees/storage/values.rs
expression: value_impl_discriminant!(IbcSudoChangeFees)
---
0c0100000000000000000000000000000002000000000000000000000000000000
