---
source: crates/astria-sequencer/src/fees/storage/keys.rs
expression: "name::<F>()"
---
fees/markets_change
