---
source: crates/astria-sequencer/src/fees/storage/values.rs
expression: value_impl_discriminant!(RollupDataSubmissionFees)
---
010100000000000000000000000000000002000000000000000000000000000000
