---
source: crates/astria-sequencer/src/fees/storage/values.rs
expression: value_impl_discriminant!(FeeChangeFees)
---
Discriminant(10)
