---
source: crates/astria-sequencer/src/accounts/storage/values.rs
expression: "format!(\"{:?}\",\ndiscriminant(&StoredValue::Accounts(Value(ValueImpl::Balance(Balance(0))))))"
---
Discriminant(3)
