---
source: crates/astria-sequencer/src/oracles/price_feed/oracle/storage/keys.rs
expression: currency_pair_to_id(&currency_pair())
---
price_feed/oracle/currency_pair_to_id/abc/def
