---
source: crates/astria-sequencer/src/connect/marketmap/storage/keys.rs
expression: MARKET_MAP
---
connect/market_map/market_map
