---
source: crates/astria-sequencer/src/grpc/storage/keys.rs
expression: sequencer_block_header_by_hash(&HASH)
---
grpc/block_header/AQEBAQEBAQEBAQEBAQEBAQEBAQEBAQEBAQEBAQEBAQE=
