---
source: crates/astria-sequencer/src/ibc/storage/keys.rs
expression: ibc_relayer(&address())
---
ibc/relayer/HAxJDxtVKNgXPF3kbRMRYOSywMM=
