---
source: crates/astria-sequencer/src/app/storage/keys.rs
assertion_line: 18
expression: CHAIN_ID_KEY
---
app/chain_id
