---
source: crates/astria-sequencer/src/authority/storage/keys.rs
expression: VALIDATOR_NAMES_PREFIX
---
authority/validator_names
