---
source: crates/astria-sequencer/src/authority/storage/keys.rs
expression: VALIDATOR_SET
---
authority/validator_set
